#-----------------------------------------------------------
# Vivado v2015.2 (64-bit)
# SW Build 1266856 on Fri Jun 26 16:35:25 MDT 2015
# IP Build 1264090 on Wed Jun 24 14:22:01 MDT 2015
# Start of session at: Wed Nov  4 11:28:21 2015
# Process ID: 13671
# Log file: /afs/ece.cmu.edu/usr/ashresth/Private/545proj/F15_18545_BattleZone/code/6502/vivado.log
# Journal file: /afs/ece.cmu.edu/usr/ashresth/Private/545proj/F15_18545_BattleZone/code/6502/vivado.jou
#-----------------------------------------------------------
start_gui
open_project /afs/ece.cmu.edu/usr/ashresth/Private/545proj/F15_18545_BattleZone/code/6502/GameCore/GameCore.xpr
launch_simulation
open_wave_config /afs/ece.cmu.edu/usr/ashresth/Private/545proj/F15_18545_BattleZone/code/6502/GameCore/top_behav.wcfg
source top.tcl
add_force {/top/btnCpuReset} -radix bin {0 0ns} {1 5000ps} -repeat_every 10000ps
add_force {/top/clk} -radix bin {0 0ns} {1 5000ps} -repeat_every 10000ps
add_force {/top/btnCpuReset} -radix bin {0 0ns}
run 1us
add_force {/top/btnCpuReset} -radix bin {1 0ns}
run 1ms
run 50ms
close_sim
